// Jest Snapshot v1, https://goo.gl/fbAQLP

exports[`Header component renders 1`] = `
<div>
  <h1>
    BLOGGY McBLOG BLOG!
  </h1>
  <nav>
    <Link
      replace={false}
      to="/"
    >
      Home
    </Link>
  </nav>
</div>
`;
